// Jest Snapshot v1, https://goo.gl/fbAQLP

exports[`<HeaderSearch /> should render the component 1`] = `ShallowWrapper {}`;
